Starting InventoryServiceApplication using Java 17.0.12 with PID 35908 (F:\PROJECTS\git\distributed-order-system\inventory-service\target\classes started by deepa in F:\PROJECTS\git\distributed-order-system)
No active profile set, falling back to 1 default profile: "default"
Starting InventoryServiceApplication using Java 17.0.12 with PID 16980 (F:\PROJECTS\git\distributed-order-system\inventory-service\target\classes started by deepa in F:\PROJECTS\git\distributed-order-system)
No active profile set, falling back to 1 default profile: "default"
Starting OrderServiceApplication using Java 17.0.12 with PID 27940 (F:\PROJECTS\git\distributed-order-system\order-service\target\classes started by deepa in F:\PROJECTS\git\distributed-order-system)
No active profile set, falling back to 1 default profile: "default"
Started InventoryServiceApplication in 14.298 seconds (process running for 14.98)
Starting PaymentServiceApplication using Java 17.0.12 with PID 15820 (F:\PROJECTS\git\distributed-order-system\payment-service\target\classes started by deepa in F:\PROJECTS\git\distributed-order-system)
No active profile set, falling back to 1 default profile: "default"
Started OrderServiceApplication in 11.086 seconds (process running for 11.844)
Started PaymentServiceApplication in 10.484 seconds (process running for 11.245)
order.created sent: {"sagaId":"42ff1a78-ef70-4961-93e1-b797db3a233d","orderId":112,"traceId":"ORD-0f8df6ed","timestamp":"2026-10-08T06:51:58.230582200Z","orderNumber":"ORD-0f8df6ed","userId":102,"totalAmount":2200,"items":[{"productId":1,"quantity":2,"price":500},{"productId":5,"quantity":1,"price":1200}],"createdAt":"2026-10-08T06:51:58.230582200Z"}
Order created and saga started 112
Received inventory.reserve.cmd: 112
[SAGA] [SERVICE:INVENTORY] [TRACE:ORD-0f8df6ed] [ORDER:112] [STEP:RECEIVED_RESERVE_CMD] [STATUS:SUCCESS] at 2026-10-08T12:22:00.288017800
Inventory Event Sent [inventory.failed] => {"sagaId":"42ff1a78-ef70-4961-93e1-b797db3a233d","orderId":112,"traceId":"ORD-0f8df6ed","timestamp":1791442318.230582200,"orderNumber":"ORD-0f8df6ed","reason":"Product not found: 5"}
[SAGA] [SERVICE:INVENTORY] [TRACE:ORD-0f8df6ed] [ORDER:112] [STEP:FAILED_EVENT_PUBLISHED] [STATUS:FAILED] at 2026-10-08T12:22:01.854121100
Inventory processing failed
java.lang.RuntimeException: Product not found: 5
	at com.deepana.inventoryservice.service.InventoryServiceImpl.lambda$processReserve$0(InventoryServiceImpl.java:56)
	at java.base/java.util.Optional.orElseThrow(Optional.java:403)
	at com.deepana.inventoryservice.service.InventoryServiceImpl.processReserve(InventoryServiceImpl.java:54)
	at java.base/jdk.internal.reflect.NativeMethodAccessorImpl.invoke0(Native Method)
	at java.base/jdk.internal.reflect.NativeMethodAccessorImpl.invoke(NativeMethodAccessorImpl.java:77)
	at java.base/jdk.internal.reflect.DelegatingMethodAccessorImpl.invoke(DelegatingMethodAccessorImpl.java:43)
	at java.base/java.lang.reflect.Method.invoke(Method.java:568)
	at org.springframework.aop.support.AopUtils.invokeJoinpointUsingReflection(AopUtils.java:359)
	at org.springframework.aop.framework.ReflectiveMethodInvocation.invokeJoinpoint(ReflectiveMethodInvocation.java:190)
	at org.springframework.aop.framework.ReflectiveMethodInvocation.proceed(ReflectiveMethodInvocation.java:158)
	at org.springframework.transaction.interceptor.TransactionInterceptor$1.proceedWithInvocation(TransactionInterceptor.java:133)
	at org.springframework.transaction.interceptor.TransactionAspectSupport.invokeWithinTransaction(TransactionAspectSupport.java:371)
	at org.springframework.transaction.interceptor.TransactionInterceptor.invoke(TransactionInterceptor.java:130)
	at org.springframework.aop.framework.ReflectiveMethodInvocation.proceed(ReflectiveMethodInvocation.java:179)
	at org.springframework.aop.framework.CglibAopProxy$DynamicAdvisedInterceptor.intercept(CglibAopProxy.java:719)
	at com.deepana.inventoryservice.service.InventoryServiceImpl$$SpringCGLIB$$0.processReserve(<generated>)
	at com.deepana.inventoryservice.kafka.InventoryCommandConsumer.consumeReserveCommand(InventoryCommandConsumer.java:37)
	at java.base/jdk.internal.reflect.NativeMethodAccessorImpl.invoke0(Native Method)
	at java.base/jdk.internal.reflect.NativeMethodAccessorImpl.invoke(NativeMethodAccessorImpl.java:77)
	at java.base/jdk.internal.reflect.DelegatingMethodAccessorImpl.invoke(DelegatingMethodAccessorImpl.java:43)
	at java.base/java.lang.reflect.Method.invoke(Method.java:568)
	at org.springframework.messaging.handler.invocation.InvocableHandlerMethod.doInvoke(InvocableHandlerMethod.java:168)
	at org.springframework.kafka.listener.adapter.KotlinAwareInvocableHandlerMethod.doInvoke(KotlinAwareInvocableHandlerMethod.java:48)
	at org.springframework.messaging.handler.invocation.InvocableHandlerMethod.invoke(InvocableHandlerMethod.java:119)
	at org.springframework.kafka.listener.adapter.HandlerAdapter.invoke(HandlerAdapter.java:80)
	at org.springframework.kafka.listener.adapter.MessagingMessageListenerAdapter.invokeHandler(MessagingMessageListenerAdapter.java:488)
	at org.springframework.kafka.listener.adapter.MessagingMessageListenerAdapter.invoke(MessagingMessageListenerAdapter.java:425)
	at org.springframework.kafka.listener.adapter.RecordMessagingMessageListenerAdapter.onMessage(RecordMessagingMessageListenerAdapter.java:92)
	at org.springframework.kafka.listener.adapter.RecordMessagingMessageListenerAdapter.onMessage(RecordMessagingMessageListenerAdapter.java:52)
	at org.springframework.kafka.listener.KafkaMessageListenerContainer$ListenerConsumer.doInvokeOnMessage(KafkaMessageListenerContainer.java:2901)
	at org.springframework.kafka.listener.KafkaMessageListenerContainer$ListenerConsumer.invokeOnMessage(KafkaMessageListenerContainer.java:2880)
	at org.springframework.kafka.listener.KafkaMessageListenerContainer$ListenerConsumer.doInvokeRecordListener(KafkaMessageListenerContainer.java:2790)
	at org.springframework.kafka.listener.KafkaMessageListenerContainer$ListenerConsumer.doInvokeWithRecords(KafkaMessageListenerContainer.java:2632)
	at org.springframework.kafka.listener.KafkaMessageListenerContainer$ListenerConsumer.invokeRecordListener(KafkaMessageListenerContainer.java:2526)
	at org.springframework.kafka.listener.KafkaMessageListenerContainer$ListenerConsumer.invokeListener(KafkaMessageListenerContainer.java:2164)
	at org.springframework.kafka.listener.KafkaMessageListenerContainer$ListenerConsumer.invokeIfHaveRecords(KafkaMessageListenerContainer.java:1541)
	at org.springframework.kafka.listener.KafkaMessageListenerContainer$ListenerConsumer.pollAndInvoke(KafkaMessageListenerContainer.java:1479)
	at org.springframework.kafka.listener.KafkaMessageListenerContainer$ListenerConsumer.run(KafkaMessageListenerContainer.java:1348)
	at java.base/java.util.concurrent.CompletableFuture$AsyncRun.run(CompletableFuture.java:1804)
	at java.base/java.lang.Thread.run(Thread.java:842)
Received inventory.failed: InventoryFailedEvent(reason=Product not found: 5)
Received order.cancel.cmd: CancelOrderCommand(reason=INVENTORY_FAILED)
Order cancelled by saga 112
Inventory failed for order 112
Received inventory.reserve.cmd: 112
[SAGA] [SERVICE:INVENTORY] [TRACE:ORD-0f8df6ed] [ORDER:112] [STEP:RECEIVED_RESERVE_CMD] [STATUS:SUCCESS] at 2026-10-08T12:22:04.994495200
Inventory Event Sent [inventory.failed] => {"sagaId":"42ff1a78-ef70-4961-93e1-b797db3a233d","orderId":112,"traceId":"ORD-0f8df6ed","timestamp":1791442318.230582200,"orderNumber":"ORD-0f8df6ed","reason":"Product not found: 5"}
[SAGA] [SERVICE:INVENTORY] [TRACE:ORD-0f8df6ed] [ORDER:112] [STEP:FAILED_EVENT_PUBLISHED] [STATUS:FAILED] at 2026-10-08T12:22:05.005676
Inventory processing failed
java.lang.RuntimeException: Product not found: 5
	at com.deepana.inventoryservice.service.InventoryServiceImpl.lambda$processReserve$0(InventoryServiceImpl.java:56)
	at java.base/java.util.Optional.orElseThrow(Optional.java:403)
	at com.deepana.inventoryservice.service.InventoryServiceImpl.processReserve(InventoryServiceImpl.java:54)
	at java.base/jdk.internal.reflect.NativeMethodAccessorImpl.invoke0(Native Method)
	at java.base/jdk.internal.reflect.NativeMethodAccessorImpl.invoke(NativeMethodAccessorImpl.java:77)
	at java.base/jdk.internal.reflect.DelegatingMethodAccessorImpl.invoke(DelegatingMethodAccessorImpl.java:43)
	at java.base/java.lang.reflect.Method.invoke(Method.java:568)
	at org.springframework.aop.support.AopUtils.invokeJoinpointUsingReflection(AopUtils.java:359)
	at org.springframework.aop.framework.ReflectiveMethodInvocation.invokeJoinpoint(ReflectiveMethodInvocation.java:190)
	at org.springframework.aop.framework.ReflectiveMethodInvocation.proceed(ReflectiveMethodInvocation.java:158)
	at org.springframework.transaction.interceptor.TransactionInterceptor$1.proceedWithInvocation(TransactionInterceptor.java:133)
	at org.springframework.transaction.interceptor.TransactionAspectSupport.invokeWithinTransaction(TransactionAspectSupport.java:371)
	at org.springframework.transaction.interceptor.TransactionInterceptor.invoke(TransactionInterceptor.java:130)
	at org.springframework.aop.framework.ReflectiveMethodInvocation.proceed(ReflectiveMethodInvocation.java:179)
	at org.springframework.aop.framework.CglibAopProxy$DynamicAdvisedInterceptor.intercept(CglibAopProxy.java:719)
	at com.deepana.inventoryservice.service.InventoryServiceImpl$$SpringCGLIB$$0.processReserve(<generated>)
	at com.deepana.inventoryservice.kafka.InventoryCommandConsumer.consumeReserveCommand(InventoryCommandConsumer.java:37)
	at java.base/jdk.internal.reflect.NativeMethodAccessorImpl.invoke0(Native Method)
	at java.base/jdk.internal.reflect.NativeMethodAccessorImpl.invoke(NativeMethodAccessorImpl.java:77)
	at java.base/jdk.internal.reflect.DelegatingMethodAccessorImpl.invoke(DelegatingMethodAccessorImpl.java:43)
	at java.base/java.lang.reflect.Method.invoke(Method.java:568)
	at org.springframework.messaging.handler.invocation.InvocableHandlerMethod.doInvoke(InvocableHandlerMethod.java:168)
	at org.springframework.kafka.listener.adapter.KotlinAwareInvocableHandlerMethod.doInvoke(KotlinAwareInvocableHandlerMethod.java:48)
	at org.springframework.messaging.handler.invocation.InvocableHandlerMethod.invoke(InvocableHandlerMethod.java:119)
	at org.springframework.kafka.listener.adapter.HandlerAdapter.invoke(HandlerAdapter.java:80)
	at org.springframework.kafka.listener.adapter.MessagingMessageListenerAdapter.invokeHandler(MessagingMessageListenerAdapter.java:488)
	at org.springframework.kafka.listener.adapter.MessagingMessageListenerAdapter.invoke(MessagingMessageListenerAdapter.java:425)
	at org.springframework.kafka.listener.adapter.RecordMessagingMessageListenerAdapter.onMessage(RecordMessagingMessageListenerAdapter.java:92)
	at org.springframework.kafka.listener.adapter.RecordMessagingMessageListenerAdapter.onMessage(RecordMessagingMessageListenerAdapter.java:52)
	at org.springframework.kafka.listener.KafkaMessageListenerContainer$ListenerConsumer.doInvokeOnMessage(KafkaMessageListenerContainer.java:2901)
	at org.springframework.kafka.listener.KafkaMessageListenerContainer$ListenerConsumer.invokeOnMessage(KafkaMessageListenerContainer.java:2880)
	at org.springframework.kafka.listener.KafkaMessageListenerContainer$ListenerConsumer.doInvokeRecordListener(KafkaMessageListenerContainer.java:2790)
	at org.springframework.kafka.listener.KafkaMessageListenerContainer$ListenerConsumer.doInvokeWithRecords(KafkaMessageListenerContainer.java:2632)
	at org.springframework.kafka.listener.KafkaMessageListenerContainer$ListenerConsumer.invokeRecordListener(KafkaMessageListenerContainer.java:2526)
	at org.springframework.kafka.listener.KafkaMessageListenerContainer$ListenerConsumer.invokeListener(KafkaMessageListenerContainer.java:2164)
	at org.springframework.kafka.listener.KafkaMessageListenerContainer$ListenerConsumer.invokeIfHaveRecords(KafkaMessageListenerContainer.java:1541)
	at org.springframework.kafka.listener.KafkaMessageListenerContainer$ListenerConsumer.pollAndInvoke(KafkaMessageListenerContainer.java:1479)
	at org.springframework.kafka.listener.KafkaMessageListenerContainer$ListenerConsumer.run(KafkaMessageListenerContainer.java:1348)
	at java.base/java.util.concurrent.CompletableFuture$AsyncRun.run(CompletableFuture.java:1804)
	at java.base/java.lang.Thread.run(Thread.java:842)
Received inventory.failed: InventoryFailedEvent(reason=Product not found: 5)
Received order.cancel.cmd: CancelOrderCommand(reason=INVENTORY_FAILED)
Received inventory.reserve.cmd: 112
[SAGA] [SERVICE:INVENTORY] [TRACE:ORD-0f8df6ed] [ORDER:112] [STEP:RECEIVED_RESERVE_CMD] [STATUS:SUCCESS] at 2026-10-08T12:22:08.070639900
Inventory Event Sent [inventory.failed] => {"sagaId":"42ff1a78-ef70-4961-93e1-b797db3a233d","orderId":112,"traceId":"ORD-0f8df6ed","timestamp":1791442318.230582200,"orderNumber":"ORD-0f8df6ed","reason":"Product not found: 5"}
[SAGA] [SERVICE:INVENTORY] [TRACE:ORD-0f8df6ed] [ORDER:112] [STEP:FAILED_EVENT_PUBLISHED] [STATUS:FAILED] at 2026-10-08T12:22:08.079407600
Inventory processing failed
java.lang.RuntimeException: Product not found: 5
	at com.deepana.inventoryservice.service.InventoryServiceImpl.lambda$processReserve$0(InventoryServiceImpl.java:56)
	at java.base/java.util.Optional.orElseThrow(Optional.java:403)
	at com.deepana.inventoryservice.service.InventoryServiceImpl.processReserve(InventoryServiceImpl.java:54)
	at java.base/jdk.internal.reflect.NativeMethodAccessorImpl.invoke0(Native Method)
	at java.base/jdk.internal.reflect.NativeMethodAccessorImpl.invoke(NativeMethodAccessorImpl.java:77)
	at java.base/jdk.internal.reflect.DelegatingMethodAccessorImpl.invoke(DelegatingMethodAccessorImpl.java:43)
	at java.base/java.lang.reflect.Method.invoke(Method.java:568)
	at org.springframework.aop.support.AopUtils.invokeJoinpointUsingReflection(AopUtils.java:359)
	at org.springframework.aop.framework.ReflectiveMethodInvocation.invokeJoinpoint(ReflectiveMethodInvocation.java:190)
	at org.springframework.aop.framework.ReflectiveMethodInvocation.proceed(ReflectiveMethodInvocation.java:158)
	at org.springframework.transaction.interceptor.TransactionInterceptor$1.proceedWithInvocation(TransactionInterceptor.java:133)
	at org.springframework.transaction.interceptor.TransactionAspectSupport.invokeWithinTransaction(TransactionAspectSupport.java:371)
	at org.springframework.transaction.interceptor.TransactionInterceptor.invoke(TransactionInterceptor.java:130)
	at org.springframework.aop.framework.ReflectiveMethodInvocation.proceed(ReflectiveMethodInvocation.java:179)
	at org.springframework.aop.framework.CglibAopProxy$DynamicAdvisedInterceptor.intercept(CglibAopProxy.java:719)
	at com.deepana.inventoryservice.service.InventoryServiceImpl$$SpringCGLIB$$0.processReserve(<generated>)
	at com.deepana.inventoryservice.kafka.InventoryCommandConsumer.consumeReserveCommand(InventoryCommandConsumer.java:37)
	at java.base/jdk.internal.reflect.NativeMethodAccessorImpl.invoke0(Native Method)
	at java.base/jdk.internal.reflect.NativeMethodAccessorImpl.invoke(NativeMethodAccessorImpl.java:77)
	at java.base/jdk.internal.reflect.DelegatingMethodAccessorImpl.invoke(DelegatingMethodAccessorImpl.java:43)
	at java.base/java.lang.reflect.Method.invoke(Method.java:568)
	at org.springframework.messaging.handler.invocation.InvocableHandlerMethod.doInvoke(InvocableHandlerMethod.java:168)
	at org.springframework.kafka.listener.adapter.KotlinAwareInvocableHandlerMethod.doInvoke(KotlinAwareInvocableHandlerMethod.java:48)
	at org.springframework.messaging.handler.invocation.InvocableHandlerMethod.invoke(InvocableHandlerMethod.java:119)
	at org.springframework.kafka.listener.adapter.HandlerAdapter.invoke(HandlerAdapter.java:80)
	at org.springframework.kafka.listener.adapter.MessagingMessageListenerAdapter.invokeHandler(MessagingMessageListenerAdapter.java:488)
	at org.springframework.kafka.listener.adapter.MessagingMessageListenerAdapter.invoke(MessagingMessageListenerAdapter.java:425)
	at org.springframework.kafka.listener.adapter.RecordMessagingMessageListenerAdapter.onMessage(RecordMessagingMessageListenerAdapter.java:92)
	at org.springframework.kafka.listener.adapter.RecordMessagingMessageListenerAdapter.onMessage(RecordMessagingMessageListenerAdapter.java:52)
	at org.springframework.kafka.listener.KafkaMessageListenerContainer$ListenerConsumer.doInvokeOnMessage(KafkaMessageListenerContainer.java:2901)
	at org.springframework.kafka.listener.KafkaMessageListenerContainer$ListenerConsumer.invokeOnMessage(KafkaMessageListenerContainer.java:2880)
	at org.springframework.kafka.listener.KafkaMessageListenerContainer$ListenerConsumer.doInvokeRecordListener(KafkaMessageListenerContainer.java:2790)
	at org.springframework.kafka.listener.KafkaMessageListenerContainer$ListenerConsumer.doInvokeWithRecords(KafkaMessageListenerContainer.java:2632)
	at org.springframework.kafka.listener.KafkaMessageListenerContainer$ListenerConsumer.invokeRecordListener(KafkaMessageListenerContainer.java:2526)
	at org.springframework.kafka.listener.KafkaMessageListenerContainer$ListenerConsumer.invokeListener(KafkaMessageListenerContainer.java:2164)
	at org.springframework.kafka.listener.KafkaMessageListenerContainer$ListenerConsumer.invokeIfHaveRecords(KafkaMessageListenerContainer.java:1541)
	at org.springframework.kafka.listener.KafkaMessageListenerContainer$ListenerConsumer.pollAndInvoke(KafkaMessageListenerContainer.java:1479)
	at org.springframework.kafka.listener.KafkaMessageListenerContainer$ListenerConsumer.run(KafkaMessageListenerContainer.java:1348)
	at java.base/java.util.concurrent.CompletableFuture$AsyncRun.run(CompletableFuture.java:1804)
	at java.base/java.lang.Thread.run(Thread.java:842)
Received inventory.failed: InventoryFailedEvent(reason=Product not found: 5)
Received order.cancel.cmd: CancelOrderCommand(reason=INVENTORY_FAILED)
🚨 INVENTORY DLQ MESSAGE RECEIVED
Payload: {"sagaId":"42ff1a78-ef70-4961-93e1-b797db3a233d","orderId":112,"traceId":"ORD-0f8df6ed","timestamp":"2026-10-08T06:51:58.230582200Z","orderNumber":"ORD-0f8df6ed","totalAmount":2200,"items":[{"productId":1,"quantity":2,"price":500},{"productId":5,"quantity":1,"price":1200}]}
order.created sent: {"sagaId":"ed33f77e-22c6-4441-808b-372f61f75da4","orderId":113,"traceId":"ORD-2cddec67","timestamp":"2026-10-08T06:57:19.157359300Z","orderNumber":"ORD-2cddec67","userId":102,"totalAmount":2200,"items":[{"productId":1,"quantity":2,"price":500},{"productId":2,"quantity":1,"price":1200}],"createdAt":"2026-10-08T06:57:19.157359300Z"}
Order created and saga started 113
Received inventory.reserve.cmd: 113
[SAGA] [SERVICE:INVENTORY] [TRACE:ORD-2cddec67] [ORDER:113] [STEP:RECEIVED_RESERVE_CMD] [STATUS:SUCCESS] at 2026-10-08T12:27:19.250880200
Inventory Event Sent [inventory.reserved] => {"sagaId":"ed33f77e-22c6-4441-808b-372f61f75da4","orderId":113,"traceId":"ORD-2cddec67","timestamp":1791442639.157359300,"orderNumber":"ORD-2cddec67","totalAmount":2200,"items":[{"productId":1,"quantity":2,"price":500},{"productId":2,"quantity":1,"price":1200}]}
Inventory Event Sent [inventory.reserved] => {"sagaId":"ed33f77e-22c6-4441-808b-372f61f75da4","orderId":113,"traceId":"ORD-2cddec67","timestamp":1791442639.157359300,"orderNumber":"ORD-2cddec67","totalAmount":2200,"items":[{"productId":1,"quantity":2,"price":500},{"productId":2,"quantity":1,"price":1200}]}
[SAGA] [SERVICE:INVENTORY] [TRACE:ORD-2cddec67] [ORDER:113] [STEP:RESERVED_EVENT_PUBLISHED] [STATUS:SUCCESS] at 2026-10-08T12:27:19.347257100
Received inventory.reserved: InventoryReservedEvent(totalAmount=2200, items=[OrderItemEvent(productId=1, quantity=2, price=500), OrderItemEvent(productId=2, quantity=1, price=1200)])
Inventory reserved for order 113
Received inventory.reserved: InventoryReservedEvent(totalAmount=2200, items=[OrderItemEvent(productId=1, quantity=2, price=500), OrderItemEvent(productId=2, quantity=1, price=1200)])
Received payment.charge.cmd {"sagaId":"ed33f77e-22c6-4441-808b-372f61f75da4","orderId":113,"traceId":"ORD-2cddec67","timestamp":"2026-10-08T06:57:19.157359300Z","orderNumber":"ORD-2cddec67","totalAmount":2200,"items":null}
[SAGA] [SERVICE:PAYMENT] [TRACE:ORD-2cddec67] [ORDER:ORD-2cddec67] [STEP:PAYMENT_STARTED] [STATUS:SUCCESS] at 2026-10-08T12:27:19.796636900
Payment started for order ORD-2cddec67 | Amount=2200
Payment failed sent: {"sagaId":"ed33f77e-22c6-4441-808b-372f61f75da4","orderId":113,"traceId":"ORD-2cddec67","timestamp":1791442639.958643000,"orderNumber":"ORD-2cddec67","totalAmount":2200,"reason":"Payment gateway declined","items":null}
[SAGA] [SERVICE:PAYMENT] [TRACE:ORD-2cddec67] [ORDER:ORD-2cddec67] [STEP:PAYMENT_FAILED] [STATUS:FAILED] at 2026-10-08T12:27:20.176682900
Payment FAILED for ORD-2cddec67 | Amount=2200
Received payment.charge.cmd {"sagaId":"ed33f77e-22c6-4441-808b-372f61f75da4","orderId":113,"traceId":"ORD-2cddec67","timestamp":"2026-10-08T06:57:19.157359300Z","orderNumber":"ORD-2cddec67","totalAmount":2200,"items":null}
[SAGA] [SERVICE:PAYMENT] [TRACE:ORD-2cddec67] [ORDER:ORD-2cddec67] [STEP:PAYMENT_STARTED] [STATUS:SUCCESS] at 2026-10-08T12:27:20.206561800
Payment started for order ORD-2cddec67 | Amount=2200
Received payment.failed: PaymentFailedEvent(totalAmount=2200, reason=Payment gateway declined, items=null)
Payment failed for order 113
Payment success sent: {"sagaId":"ed33f77e-22c6-4441-808b-372f61f75da4","orderId":113,"traceId":"ORD-2cddec67","timestamp":1791442640.210938900,"orderNumber":"ORD-2cddec67","totalAmount":2200,"items":null}
[SAGA] [SERVICE:PAYMENT] [TRACE:ORD-2cddec67] [ORDER:ORD-2cddec67] [STEP:PAYMENT_SUCCESS] [STATUS:SUCCESS] at 2026-10-08T12:27:20.235603700
Payment SUCCESS for ORD-2cddec67 | Amount=2200
Received order.cancel.cmd: CancelOrderCommand(reason=PAYMENT_FAILED)
Received inventory.release.cmd: 113
[SAGA] [SERVICE:INVENTORY] [TRACE:ORD-2cddec67] [ORDER:ORD-2cddec67] [STEP:RELEASE_RECEIVED] [STATUS:SUCCESS] at 2026-10-08T12:27:20.246737500
Inventory release failed
java.lang.NullPointerException: Cannot invoke "java.util.List.iterator()" because the return value of "com.deepana.saga.commondto.inventory.ReleaseInventoryCommand.getItems()" is null
	at com.deepana.inventoryservice.service.InventoryServiceImpl.processRelease(InventoryServiceImpl.java:134)
	at java.base/jdk.internal.reflect.NativeMethodAccessorImpl.invoke0(Native Method)
	at java.base/jdk.internal.reflect.NativeMethodAccessorImpl.invoke(NativeMethodAccessorImpl.java:77)
	at java.base/jdk.internal.reflect.DelegatingMethodAccessorImpl.invoke(DelegatingMethodAccessorImpl.java:43)
	at java.base/java.lang.reflect.Method.invoke(Method.java:568)
	at org.springframework.aop.support.AopUtils.invokeJoinpointUsingReflection(AopUtils.java:359)
	at org.springframework.aop.framework.ReflectiveMethodInvocation.invokeJoinpoint(ReflectiveMethodInvocation.java:190)
	at org.springframework.aop.framework.ReflectiveMethodInvocation.proceed(ReflectiveMethodInvocation.java:158)
	at org.springframework.transaction.interceptor.TransactionInterceptor$1.proceedWithInvocation(TransactionInterceptor.java:133)
	at org.springframework.transaction.interceptor.TransactionAspectSupport.invokeWithinTransaction(TransactionAspectSupport.java:371)
	at org.springframework.transaction.interceptor.TransactionInterceptor.invoke(TransactionInterceptor.java:130)
	at org.springframework.aop.framework.ReflectiveMethodInvocation.proceed(ReflectiveMethodInvocation.java:179)
	at org.springframework.aop.framework.CglibAopProxy$DynamicAdvisedInterceptor.intercept(CglibAopProxy.java:719)
	at com.deepana.inventoryservice.service.InventoryServiceImpl$$SpringCGLIB$$0.processRelease(<generated>)
	at com.deepana.inventoryservice.kafka.InventoryCommandConsumer.consumeReleaseCommand(InventoryCommandConsumer.java:64)
	at java.base/jdk.internal.reflect.NativeMethodAccessorImpl.invoke0(Native Method)
	at java.base/jdk.internal.reflect.NativeMethodAccessorImpl.invoke(NativeMethodAccessorImpl.java:77)
	at java.base/jdk.internal.reflect.DelegatingMethodAccessorImpl.invoke(DelegatingMethodAccessorImpl.java:43)
	at java.base/java.lang.reflect.Method.invoke(Method.java:568)
	at org.springframework.messaging.handler.invocation.InvocableHandlerMethod.doInvoke(InvocableHandlerMethod.java:168)
	at org.springframework.kafka.listener.adapter.KotlinAwareInvocableHandlerMethod.doInvoke(KotlinAwareInvocableHandlerMethod.java:48)
	at org.springframework.messaging.handler.invocation.InvocableHandlerMethod.invoke(InvocableHandlerMethod.java:119)
	at org.springframework.kafka.listener.adapter.HandlerAdapter.invoke(HandlerAdapter.java:80)
	at org.springframework.kafka.listener.adapter.MessagingMessageListenerAdapter.invokeHandler(MessagingMessageListenerAdapter.java:488)
	at org.springframework.kafka.listener.adapter.MessagingMessageListenerAdapter.invoke(MessagingMessageListenerAdapter.java:425)
	at org.springframework.kafka.listener.adapter.RecordMessagingMessageListenerAdapter.onMessage(RecordMessagingMessageListenerAdapter.java:92)
	at org.springframework.kafka.listener.adapter.RecordMessagingMessageListenerAdapter.onMessage(RecordMessagingMessageListenerAdapter.java:52)
	at org.springframework.kafka.listener.KafkaMessageListenerContainer$ListenerConsumer.doInvokeOnMessage(KafkaMessageListenerContainer.java:2901)
	at org.springframework.kafka.listener.KafkaMessageListenerContainer$ListenerConsumer.invokeOnMessage(KafkaMessageListenerContainer.java:2880)
	at org.springframework.kafka.listener.KafkaMessageListenerContainer$ListenerConsumer.doInvokeRecordListener(KafkaMessageListenerContainer.java:2790)
	at org.springframework.kafka.listener.KafkaMessageListenerContainer$ListenerConsumer.doInvokeWithRecords(KafkaMessageListenerContainer.java:2632)
	at org.springframework.kafka.listener.KafkaMessageListenerContainer$ListenerConsumer.invokeRecordListener(KafkaMessageListenerContainer.java:2526)
	at org.springframework.kafka.listener.KafkaMessageListenerContainer$ListenerConsumer.invokeListener(KafkaMessageListenerContainer.java:2164)
	at org.springframework.kafka.listener.KafkaMessageListenerContainer$ListenerConsumer.invokeIfHaveRecords(KafkaMessageListenerContainer.java:1541)
	at org.springframework.kafka.listener.KafkaMessageListenerContainer$ListenerConsumer.pollAndInvoke(KafkaMessageListenerContainer.java:1479)
	at org.springframework.kafka.listener.KafkaMessageListenerContainer$ListenerConsumer.run(KafkaMessageListenerContainer.java:1348)
	at java.base/java.util.concurrent.CompletableFuture$AsyncRun.run(CompletableFuture.java:1804)
	at java.base/java.lang.Thread.run(Thread.java:842)
Received payment.success: PaymentSuccessEvent(totalAmount=2200, items=null)
Received order.confirm.cmd: ConfirmOrderCommand()
Order confirmed 113
Received inventory.release.cmd: 113
[SAGA] [SERVICE:INVENTORY] [TRACE:ORD-2cddec67] [ORDER:ORD-2cddec67] [STEP:RELEASE_RECEIVED] [STATUS:SUCCESS] at 2026-10-08T12:27:23.293333700
Inventory release failed
java.lang.NullPointerException: Cannot invoke "java.util.List.iterator()" because the return value of "com.deepana.saga.commondto.inventory.ReleaseInventoryCommand.getItems()" is null
	at com.deepana.inventoryservice.service.InventoryServiceImpl.processRelease(InventoryServiceImpl.java:134)
	at java.base/jdk.internal.reflect.NativeMethodAccessorImpl.invoke0(Native Method)
	at java.base/jdk.internal.reflect.NativeMethodAccessorImpl.invoke(NativeMethodAccessorImpl.java:77)
	at java.base/jdk.internal.reflect.DelegatingMethodAccessorImpl.invoke(DelegatingMethodAccessorImpl.java:43)
	at java.base/java.lang.reflect.Method.invoke(Method.java:568)
	at org.springframework.aop.support.AopUtils.invokeJoinpointUsingReflection(AopUtils.java:359)
	at org.springframework.aop.framework.ReflectiveMethodInvocation.invokeJoinpoint(ReflectiveMethodInvocation.java:190)
	at org.springframework.aop.framework.ReflectiveMethodInvocation.proceed(ReflectiveMethodInvocation.java:158)
	at org.springframework.transaction.interceptor.TransactionInterceptor$1.proceedWithInvocation(TransactionInterceptor.java:133)
	at org.springframework.transaction.interceptor.TransactionAspectSupport.invokeWithinTransaction(TransactionAspectSupport.java:371)
	at org.springframework.transaction.interceptor.TransactionInterceptor.invoke(TransactionInterceptor.java:130)
	at org.springframework.aop.framework.ReflectiveMethodInvocation.proceed(ReflectiveMethodInvocation.java:179)
	at org.springframework.aop.framework.CglibAopProxy$DynamicAdvisedInterceptor.intercept(CglibAopProxy.java:719)
	at com.deepana.inventoryservice.service.InventoryServiceImpl$$SpringCGLIB$$0.processRelease(<generated>)
	at com.deepana.inventoryservice.kafka.InventoryCommandConsumer.consumeReleaseCommand(InventoryCommandConsumer.java:64)
	at java.base/jdk.internal.reflect.NativeMethodAccessorImpl.invoke0(Native Method)
	at java.base/jdk.internal.reflect.NativeMethodAccessorImpl.invoke(NativeMethodAccessorImpl.java:77)
	at java.base/jdk.internal.reflect.DelegatingMethodAccessorImpl.invoke(DelegatingMethodAccessorImpl.java:43)
	at java.base/java.lang.reflect.Method.invoke(Method.java:568)
	at org.springframework.messaging.handler.invocation.InvocableHandlerMethod.doInvoke(InvocableHandlerMethod.java:168)
	at org.springframework.kafka.listener.adapter.KotlinAwareInvocableHandlerMethod.doInvoke(KotlinAwareInvocableHandlerMethod.java:48)
	at org.springframework.messaging.handler.invocation.InvocableHandlerMethod.invoke(InvocableHandlerMethod.java:119)
	at org.springframework.kafka.listener.adapter.HandlerAdapter.invoke(HandlerAdapter.java:80)
	at org.springframework.kafka.listener.adapter.MessagingMessageListenerAdapter.invokeHandler(MessagingMessageListenerAdapter.java:488)
	at org.springframework.kafka.listener.adapter.MessagingMessageListenerAdapter.invoke(MessagingMessageListenerAdapter.java:425)
	at org.springframework.kafka.listener.adapter.RecordMessagingMessageListenerAdapter.onMessage(RecordMessagingMessageListenerAdapter.java:92)
	at org.springframework.kafka.listener.adapter.RecordMessagingMessageListenerAdapter.onMessage(RecordMessagingMessageListenerAdapter.java:52)
	at org.springframework.kafka.listener.KafkaMessageListenerContainer$ListenerConsumer.doInvokeOnMessage(KafkaMessageListenerContainer.java:2901)
	at org.springframework.kafka.listener.KafkaMessageListenerContainer$ListenerConsumer.invokeOnMessage(KafkaMessageListenerContainer.java:2880)
	at org.springframework.kafka.listener.KafkaMessageListenerContainer$ListenerConsumer.doInvokeRecordListener(KafkaMessageListenerContainer.java:2790)
	at org.springframework.kafka.listener.KafkaMessageListenerContainer$ListenerConsumer.doInvokeWithRecords(KafkaMessageListenerContainer.java:2632)
	at org.springframework.kafka.listener.KafkaMessageListenerContainer$ListenerConsumer.invokeRecordListener(KafkaMessageListenerContainer.java:2526)
	at org.springframework.kafka.listener.KafkaMessageListenerContainer$ListenerConsumer.invokeListener(KafkaMessageListenerContainer.java:2164)
	at org.springframework.kafka.listener.KafkaMessageListenerContainer$ListenerConsumer.invokeIfHaveRecords(KafkaMessageListenerContainer.java:1541)
	at org.springframework.kafka.listener.KafkaMessageListenerContainer$ListenerConsumer.pollAndInvoke(KafkaMessageListenerContainer.java:1479)
	at org.springframework.kafka.listener.KafkaMessageListenerContainer$ListenerConsumer.run(KafkaMessageListenerContainer.java:1348)
	at java.base/java.util.concurrent.CompletableFuture$AsyncRun.run(CompletableFuture.java:1804)
	at java.base/java.lang.Thread.run(Thread.java:842)
Received inventory.release.cmd: 113
[SAGA] [SERVICE:INVENTORY] [TRACE:ORD-2cddec67] [ORDER:ORD-2cddec67] [STEP:RELEASE_RECEIVED] [STATUS:SUCCESS] at 2026-10-08T12:27:26.339441700
Inventory release failed
java.lang.NullPointerException: Cannot invoke "java.util.List.iterator()" because the return value of "com.deepana.saga.commondto.inventory.ReleaseInventoryCommand.getItems()" is null
	at com.deepana.inventoryservice.service.InventoryServiceImpl.processRelease(InventoryServiceImpl.java:134)
	at java.base/jdk.internal.reflect.NativeMethodAccessorImpl.invoke0(Native Method)
	at java.base/jdk.internal.reflect.NativeMethodAccessorImpl.invoke(NativeMethodAccessorImpl.java:77)
	at java.base/jdk.internal.reflect.DelegatingMethodAccessorImpl.invoke(DelegatingMethodAccessorImpl.java:43)
	at java.base/java.lang.reflect.Method.invoke(Method.java:568)
	at org.springframework.aop.support.AopUtils.invokeJoinpointUsingReflection(AopUtils.java:359)
	at org.springframework.aop.framework.ReflectiveMethodInvocation.invokeJoinpoint(ReflectiveMethodInvocation.java:190)
	at org.springframework.aop.framework.ReflectiveMethodInvocation.proceed(ReflectiveMethodInvocation.java:158)
	at org.springframework.transaction.interceptor.TransactionInterceptor$1.proceedWithInvocation(TransactionInterceptor.java:133)
	at org.springframework.transaction.interceptor.TransactionAspectSupport.invokeWithinTransaction(TransactionAspectSupport.java:371)
	at org.springframework.transaction.interceptor.TransactionInterceptor.invoke(TransactionInterceptor.java:130)
	at org.springframework.aop.framework.ReflectiveMethodInvocation.proceed(ReflectiveMethodInvocation.java:179)
	at org.springframework.aop.framework.CglibAopProxy$DynamicAdvisedInterceptor.intercept(CglibAopProxy.java:719)
	at com.deepana.inventoryservice.service.InventoryServiceImpl$$SpringCGLIB$$0.processRelease(<generated>)
	at com.deepana.inventoryservice.kafka.InventoryCommandConsumer.consumeReleaseCommand(InventoryCommandConsumer.java:64)
	at java.base/jdk.internal.reflect.NativeMethodAccessorImpl.invoke0(Native Method)
	at java.base/jdk.internal.reflect.NativeMethodAccessorImpl.invoke(NativeMethodAccessorImpl.java:77)
	at java.base/jdk.internal.reflect.DelegatingMethodAccessorImpl.invoke(DelegatingMethodAccessorImpl.java:43)
	at java.base/java.lang.reflect.Method.invoke(Method.java:568)
	at org.springframework.messaging.handler.invocation.InvocableHandlerMethod.doInvoke(InvocableHandlerMethod.java:168)
	at org.springframework.kafka.listener.adapter.KotlinAwareInvocableHandlerMethod.doInvoke(KotlinAwareInvocableHandlerMethod.java:48)
	at org.springframework.messaging.handler.invocation.InvocableHandlerMethod.invoke(InvocableHandlerMethod.java:119)
	at org.springframework.kafka.listener.adapter.HandlerAdapter.invoke(HandlerAdapter.java:80)
	at org.springframework.kafka.listener.adapter.MessagingMessageListenerAdapter.invokeHandler(MessagingMessageListenerAdapter.java:488)
	at org.springframework.kafka.listener.adapter.MessagingMessageListenerAdapter.invoke(MessagingMessageListenerAdapter.java:425)
	at org.springframework.kafka.listener.adapter.RecordMessagingMessageListenerAdapter.onMessage(RecordMessagingMessageListenerAdapter.java:92)
	at org.springframework.kafka.listener.adapter.RecordMessagingMessageListenerAdapter.onMessage(RecordMessagingMessageListenerAdapter.java:52)
	at org.springframework.kafka.listener.KafkaMessageListenerContainer$ListenerConsumer.doInvokeOnMessage(KafkaMessageListenerContainer.java:2901)
	at org.springframework.kafka.listener.KafkaMessageListenerContainer$ListenerConsumer.invokeOnMessage(KafkaMessageListenerContainer.java:2880)
	at org.springframework.kafka.listener.KafkaMessageListenerContainer$ListenerConsumer.doInvokeRecordListener(KafkaMessageListenerContainer.java:2790)
	at org.springframework.kafka.listener.KafkaMessageListenerContainer$ListenerConsumer.doInvokeWithRecords(KafkaMessageListenerContainer.java:2632)
	at org.springframework.kafka.listener.KafkaMessageListenerContainer$ListenerConsumer.invokeRecordListener(KafkaMessageListenerContainer.java:2526)
	at org.springframework.kafka.listener.KafkaMessageListenerContainer$ListenerConsumer.invokeListener(KafkaMessageListenerContainer.java:2164)
	at org.springframework.kafka.listener.KafkaMessageListenerContainer$ListenerConsumer.invokeIfHaveRecords(KafkaMessageListenerContainer.java:1541)
	at org.springframework.kafka.listener.KafkaMessageListenerContainer$ListenerConsumer.pollAndInvoke(KafkaMessageListenerContainer.java:1479)
	at org.springframework.kafka.listener.KafkaMessageListenerContainer$ListenerConsumer.run(KafkaMessageListenerContainer.java:1348)
	at java.base/java.util.concurrent.CompletableFuture$AsyncRun.run(CompletableFuture.java:1804)
	at java.base/java.lang.Thread.run(Thread.java:842)
🚨 INVENTORY DLQ MESSAGE RECEIVED
Payload: {"sagaId":"ed33f77e-22c6-4441-808b-372f61f75da4","orderId":113,"traceId":"ORD-2cddec67","timestamp":"2026-10-08T06:57:19.958643Z","orderNumber":"ORD-2cddec67","items":null}
Starting OrderServiceApplication using Java 17.0.12 with PID 30584 (F:\PROJECTS\git\distributed-order-system\order-service\target\classes started by deepa in F:\PROJECTS\git\distributed-order-system)
No active profile set, falling back to 1 default profile: "default"
Starting InventoryServiceApplication using Java 17.0.12 with PID 23632 (F:\PROJECTS\git\distributed-order-system\inventory-service\target\classes started by deepa in F:\PROJECTS\git\distributed-order-system)
No active profile set, falling back to 1 default profile: "default"
Started OrderServiceApplication in 13.298 seconds (process running for 14.316)
Starting PaymentServiceApplication using Java 17.0.12 with PID 14776 (F:\PROJECTS\git\distributed-order-system\payment-service\target\classes started by deepa in F:\PROJECTS\git\distributed-order-system)
No active profile set, falling back to 1 default profile: "default"
Started InventoryServiceApplication in 11.173 seconds (process running for 11.899)
Started PaymentServiceApplication in 9.18 seconds (process running for 10.035)
order.created sent: {"sagaId":"1ef09e22-822c-469f-b43e-97f459f30c0f","orderId":114,"traceId":"ORD-f9e789fa","timestamp":"2026-10-08T07:11:37.033471Z","orderNumber":"ORD-f9e789fa","userId":102,"totalAmount":2200,"items":[{"productId":1,"quantity":2,"price":500},{"productId":2,"quantity":1,"price":1200}],"createdAt":"2026-10-08T07:11:37.033471Z"}
Order created and saga started 114
Received inventory.reserve.cmd: 114
[SAGA] [SERVICE:INVENTORY] [TRACE:ORD-f9e789fa] [ORDER:114] [STEP:RECEIVED_RESERVE_CMD] [STATUS:SUCCESS] at 2026-10-08T12:41:38.036146700
Inventory Event Sent [inventory.reserved] => {"sagaId":"1ef09e22-822c-469f-b43e-97f459f30c0f","orderId":114,"traceId":"ORD-f9e789fa","timestamp":1791443497.033471000,"orderNumber":"ORD-f9e789fa","totalAmount":2200,"items":[{"productId":1,"quantity":2,"price":500},{"productId":2,"quantity":1,"price":1200}]}
[SAGA] [SERVICE:INVENTORY] [TRACE:ORD-f9e789fa] [ORDER:114] [STEP:RESERVED_EVENT_PUBLISHED] [STATUS:SUCCESS] at 2026-10-08T12:41:39.263781600
Received inventory.reserved: InventoryReservedEvent(totalAmount=2200, items=[OrderItemEvent(productId=1, quantity=2, price=500), OrderItemEvent(productId=2, quantity=1, price=1200)])
Received payment.charge.cmd {"sagaId":"1ef09e22-822c-469f-b43e-97f459f30c0f","orderId":114,"traceId":"ORD-f9e789fa","timestamp":"2026-10-08T07:11:37.033471Z","orderNumber":"ORD-f9e789fa","totalAmount":2200,"items":null}
Inventory reserved for order 114
[SAGA] [SERVICE:PAYMENT] [TRACE:ORD-f9e789fa] [ORDER:ORD-f9e789fa] [STEP:PAYMENT_STARTED] [STATUS:SUCCESS] at 2026-10-08T12:41:39.782111500
Payment started for order ORD-f9e789fa | Amount=2200
Payment success sent: {"sagaId":"1ef09e22-822c-469f-b43e-97f459f30c0f","orderId":114,"traceId":"ORD-f9e789fa","timestamp":1791443500.755553200,"orderNumber":"ORD-f9e789fa","totalAmount":2200,"items":null}
[SAGA] [SERVICE:PAYMENT] [TRACE:ORD-f9e789fa] [ORDER:ORD-f9e789fa] [STEP:PAYMENT_SUCCESS] [STATUS:SUCCESS] at 2026-10-08T12:41:41.189805
Payment SUCCESS for ORD-f9e789fa | Amount=2200
Received payment.success: PaymentSuccessEvent(totalAmount=2200, items=null)
Payment success, order completed 114
Received order.confirm.cmd: ConfirmOrderCommand()
